$ rc apps list --no-input --project-id proj_snap --api-key sk_snap
! app_snap1 is missing Apple credentials — App Store purchases can't be validated until they're set.
  Fix it:  rc setup apple app_snap1  (interactive Apple sign-in with 2FA)
ID         NAME                TYPE        CREATED     CREDENTIALS                    
app_snap1  Moodly (App Store)  app_store   2026-07-16  partial — run: rc setup apple
app_snap2  Test Store          test_store  2026-07-16  —                            
